// Jest Snapshot v1, https://goo.gl/fbAQLP

exports[`babelBuild should work 1`] = `
Array [
  "cli/",
  "cli/ts-deps.js",
  "cli/ts-deps.js.map",
  "config/",
  "config/babel.config.js",
  "config/babel.config.js.map",
  "config/jest.config.js",
  "config/jest.config.js.map",
  "config/tsconfig.default.json",
  "config/tsconfig.js",
  "config/tsconfig.js.map",
  "config/tslint.default.json",
  "config/types.d.ts",
  "defaults.js",
  "defaults.js.map",
  "helpers/",
  "helpers/helpers.js",
  "helpers/helpers.js.map",
  "helpers/index.js",
  "helpers/index.js.map",
  "helpers/pullTemplate.js",
  "helpers/pullTemplate.js.map",
  "helpers/unarchive.js",
  "helpers/unarchive.js.map",
  "index.js",
  "index.js.map",
  "options.js",
  "options.js.map",
  "scripts/",
  "scripts/babelBuild.js",
  "scripts/babelBuild.js.map",
  "scripts/clean.js",
  "scripts/clean.js.map",
  "scripts/cli.js",
  "scripts/cli.js.map",
  "scripts/combineCoverage.js",
  "scripts/combineCoverage.js.map",
  "scripts/index.js",
  "scripts/index.js.map",
  "scripts/init.js",
  "scripts/init.js.map",
  "scripts/patch.js",
  "scripts/patch.js.map",
  "scripts/patchPackage.js",
  "scripts/patchPackage.js.map",
  "scripts/patchText.js",
  "scripts/patchText.js.map",
  "scripts/patchTsConfig.js",
  "scripts/patchTsConfig.js.map",
  "scripts/rollupBuild.js",
  "scripts/rollupBuild.js.map",
  "scripts/types.d.ts",
  "types.d.ts",
]
`;
