// Jest Snapshot v1, https://goo.gl/fbAQLP

exports[`patch given fresh directory after init should output correct files 1`] = `
Array [
  ".eslintignore",
  ".eslintrc.js",
  ".gitignore",
  ".yarnrc",
  "babel.config.js",
  "commitlint.config.js",
  "jest.config.integration.js",
  "jest.config.js",
  "package.json",
  "prettier.config.js",
  "release.config.js",
  "scripts/",
  "scripts/build.js",
  "scripts/clean.js",
  "scripts/combineCoverage.js",
  "scripts/release.js",
  "src/",
  "src/__tests__/",
  "src/__tests__/max.test.ts",
  "src/__tests__/min.test.js",
  "src/__tests__/test.d.ts",
  "src/index.ts",
  "src/max/",
  "src/max/index.d.ts",
  "src/max/index.js",
  "src/max/max.ts",
  "src/min/",
  "src/min/index.d.ts",
  "src/min/index.js",
  "src/min/min.js",
  "src/other.d.ts",
  "src/other.js",
  "ts-deps.config.js",
  "tsconfig.declarations.json",
  "tsconfig.json",
]
`;
